[31-Jul-2025 16:37:36 Europe/Berlin] POST request received
[31-Jul-2025 16:37:36 Europe/Berlin] POST data: Array
(
    [test] => 1
)

[31-Jul-2025 16:37:36 Europe/Berlin] FILES data: Array
(
)

[31-Jul-2025 16:40:39 Europe/Berlin] POST request received
[31-Jul-2025 16:40:39 Europe/Berlin] POST data: Array
(
    [first_name] => Jao
    [last_name] => DirectAgent
    [email] => jaoalgrin@gmail.com
    [password] => jaopogi123
    [user_type] => direct_agent
    [broker_id] => 234w5678
    [company_id] => 
    [phone] => 0987654321
    [address] => 123345r678
    [prc_number] => 2134w5e6r
    [experience_years] => 0-1
    [specializations] => Properties
    [experience_details] => n/a
    [education] => College
    [school] => BatStateU
    [course] => BSIT
    [graduation_year] => 2025-2026
    [certifications] => n/a
    [training] => n/a
)

[31-Jul-2025 16:40:39 Europe/Berlin] FILES data: Array
(
    [broker_license] => Array
        (
            [name] => cisco1.png
            [full_path] => cisco1.png
            [type] => image/png
            [tmp_name] => C:\xampp\tmp\phpC950.tmp
            [error] => 0
            [size] => 28616
        )

    [prc_license] => Array
        (
            [name] => cisco1.png
            [full_path] => cisco1.png
            [type] => 
            [tmp_name] => 
            [error] => 3
            [size] => 0
        )

)

[31-Jul-2025 16:40:39 Europe/Berlin] Processing file: cisco1.png (type: image/png, size: 28616)
[31-Jul-2025 16:40:39 Europe/Berlin] Attempting to move file to: backend/uploads/images/broker_license_688b8067da2ee.png
[31-Jul-2025 16:40:39 Europe/Berlin] File uploaded successfully: backend/uploads/images/broker_license_688b8067da2ee.png
[31-Jul-2025 16:40:39 Europe/Berlin] Processing file: cisco1.png (type: , size: 0)
[31-Jul-2025 16:40:39 Europe/Berlin] File upload error: 3
[31-Jul-2025 16:40:39 Europe/Berlin] PHP Fatal error:  Uncaught ArgumentCountError: The number of elements in the type definition string must match the number of bind variables in C:\xampp\htdocs\BatEstate\agent_registration_complete.php:247
Stack trace:
#0 C:\xampp\htdocs\BatEstate\agent_registration_complete.php(247): mysqli_stmt_bind_param(Object(mysqli_stmt), 'sisssssssssssss...', 'direct_agent', NULL, '234w5678', '2134w5e6r', '0-1', 'Properties', '=== PROFESSIONA...', 'pending', 'Jao', 'DirectAgent', 'jaoalgrin@gmail...', '$2y$10$TWOj39oR...', '0987654321', '123345r678', 'College', 'BatStateU', 'BSIT', '2025-2026', 'n/a', 'n/a', 'backend/uploads...', NULL, NULL, NULL, NULL)
#1 {main}
  thrown in C:\xampp\htdocs\BatEstate\agent_registration_complete.php on line 247
[31-Jul-2025 16:41:33 Europe/Berlin] POST request received
[31-Jul-2025 16:41:33 Europe/Berlin] POST data: Array
(
    [first_name] => wqee
    [last_name] => qwere
    [email] => wqerr@gmail.com
    [password] => qweqwe
    [user_type] => direct_agent
    [broker_id] => 234256
    [company_id] => 
    [phone] => 321456
    [address] => 123456
    [prc_number] => 243256
    [experience_years] => 2-3
    [specializations] => qwert
    [experience_details] => wqert
    [education] => wqertwe
    [school] => rtt
    [course] => werty
    [graduation_year] => qwert
    [certifications] => wertt
    [training] => qewrt
)

[31-Jul-2025 16:41:33 Europe/Berlin] FILES data: Array
(
    [broker_license] => Array
        (
            [name] => cisco1.png
            [full_path] => cisco1.png
            [type] => image/png
            [tmp_name] => C:\xampp\tmp\php9AAB.tmp
            [error] => 0
            [size] => 28616
        )

    [prc_license] => Array
        (
            [name] => cisco1.png
            [full_path] => cisco1.png
            [type] => 
            [tmp_name] => 
            [error] => 3
            [size] => 0
        )

)

[31-Jul-2025 16:41:33 Europe/Berlin] Processing file: cisco1.png (type: image/png, size: 28616)
[31-Jul-2025 16:41:33 Europe/Berlin] Attempting to move file to: backend/uploads/images/broker_license_688b809d74356.png
[31-Jul-2025 16:41:33 Europe/Berlin] File uploaded successfully: backend/uploads/images/broker_license_688b809d74356.png
[31-Jul-2025 16:41:33 Europe/Berlin] Processing file: cisco1.png (type: , size: 0)
[31-Jul-2025 16:41:33 Europe/Berlin] File upload error: 3
[31-Jul-2025 16:41:33 Europe/Berlin] PHP Fatal error:  Uncaught ArgumentCountError: The number of elements in the type definition string must match the number of bind variables in C:\xampp\htdocs\BatEstate\agent_registration_complete.php:247
Stack trace:
#0 C:\xampp\htdocs\BatEstate\agent_registration_complete.php(247): mysqli_stmt_bind_param(Object(mysqli_stmt), 'sisssssssssssss...', 'direct_agent', NULL, '234256', '243256', '2-3', 'qwert', '=== PROFESSIONA...', 'pending', 'wqee', 'qwere', 'wqerr@gmail.com', '$2y$10$4Rz6XXeD...', '321456', '123456', 'wqertwe', 'rtt', 'werty', 'qwert', 'wertt', 'qewrt', 'backend/uploads...', NULL, NULL, NULL, NULL)
#1 {main}
  thrown in C:\xampp\htdocs\BatEstate\agent_registration_complete.php on line 247
